[2026-08-27 16:19:30] ✅ 初始化完成，播放列表已清空
[2026-08-27 16:19:34] 🚀 程序启动，等待用户操作...
[2026-08-27 16:19:34] 🚀 启动后自动刷新一次...
[2026-08-27 16:19:34] 🔄 开始刷新播放列表...
[2026-08-27 16:19:35] 📥 从频道读取到 1 条含文本的消息（共 1 条更新）
[2026-08-27 16:19:35]    📝 https://youtu.be/qJRpURcsku4?list=RDqJRp... → 1 个链接
[2026-08-27 16:19:35] 🎵 共添加 1 首歌到播放列表
[2026-08-27 16:19:37] 🗑️ 频道消息删除完成：1/1 条成功
[2026-08-27 16:19:37] ▶️ mpv 已启动（暂停状态，请在 mpv 窗口按播放）
[2026-08-27 16:19:40] 🔄 开始刷新播放列表...
[2026-08-27 16:19:50] 📥 从频道读取到 0 条含文本的消息（共 0 条更新）
[2026-08-27 16:19:50] 📭 频道没有新消息
[2026-08-27 16:34:02] 🔄 开始刷新播放列表...
[2026-08-27 16:34:05] 📥 从频道读取到 1 条含文本的消息（共 1 条更新）
[2026-08-27 16:34:05]    📝 https://youtu.be/cBZRiQPNG7A... → 1 个链接
[2026-08-27 16:34:05] 🎵 共添加 1 首歌到播放列表
[2026-08-27 16:34:07] 🗑️ 频道消息删除完成：1/1 条成功
[2026-08-27 16:34:07] 🔄 已通过 IPC 追加 1/1 首到正在运行的 mpv
[2026-08-27 16:54:10] 🔄 开始刷新播放列表...
[2026-08-27 16:54:20] 📥 从频道读取到 0 条含文本的消息（共 0 条更新）
[2026-08-27 16:54:20] 📭 频道没有新消息
[2026-08-27 17:07:49] ✅ 初始化完成，播放列表已清空
[2026-08-27 17:07:50] 🚀 程序启动，等待用户操作...
[2026-08-27 17:07:51] 🚀 启动后自动刷新一次...
[2026-08-27 17:07:51] 🔄 开始刷新播放列表...
[2026-08-27 17:08:01] 📥 从频道读取到 0 条含文本的消息（共 0 条更新）
[2026-08-27 17:08:01] 📭 频道没有新消息
[2026-08-27 17:08:55] 🔄 开始刷新播放列表...
[2026-08-27 17:08:56] 📥 从频道读取到 1 条含文本的消息（共 1 条更新）
[2026-08-27 17:08:56]    📝 https://youtu.be/H7CgZASfY4k?list=RDH7Cg... → 1 个链接
[2026-08-27 17:08:56] 🎵 共添加 1 首歌到播放列表
[2026-08-27 17:08:58] 🗑️ 频道消息删除完成：1/1 条成功
[2026-08-27 17:08:58] ▶️ mpv 已启动（暂停状态，请在 mpv 窗口按播放）
[2026-08-27 17:44:34] ✅ 初始化完成，播放列表已清空
[2026-08-27 17:44:35] 🚀 程序启动，等待用户操作...
[2026-08-27 17:44:36] 🚀 启动后自动刷新一次...
[2026-08-27 17:44:36] 🔄 开始刷新播放列表...
[2026-08-27 17:44:46] 📥 从频道读取到 0 条含文本的消息（共 0 条更新）
[2026-08-27 17:44:46] 📭 频道没有新消息
[2026-08-27 18:02:46] ✅ 初始化完成，播放列表已清空
[2026-08-27 18:02:47] 🚀 程序启动，等待用户操作...
[2026-08-27 18:02:47] 🚀 启动后自动刷新一次...
[2026-08-27 18:02:47] 🔄 开始刷新播放列表...
[2026-08-27 18:02:48] 📥 从频道读取到 3 条含文本的消息（共 3 条更新）
[2026-08-27 18:02:48]    📝 https://youtu.be/dYQnVvaI_uA?si=1Kz5gheA... → 1 个链接
[2026-08-27 18:02:48]    📝 https://youtu.be/_zHO_EEc8w0?si=4HCI5j9b... → 1 个链接
[2026-08-27 18:02:48]    📝 https://youtu.be/2i-225MZq98?si=v8IrsD0t... → 1 个链接
[2026-08-27 18:02:48] 🎵 共添加 3 首歌到播放列表
[2026-08-27 18:02:51] 🗑️ 频道消息删除完成：3/3 条成功
[2026-08-27 18:02:51] ▶️ mpv 已启动（暂停状态，请在 mpv 窗口按播放）
[2026-08-27 18:04:29] 👋 程序退出
[2026-08-27 18:32:03] ✅ 初始化完成，播放列表已清空
[2026-08-27 18:32:06] 🚀 程序启动，等待用户操作...
[2026-08-27 18:32:06] 🚀 启动后自动刷新一次...
[2026-08-27 18:32:06] 🔄 开始刷新播放列表...
[2026-08-27 18:32:07] 📥 从频道读取到 4 条含文本的消息（共 4 条更新）
[2026-08-27 18:32:07]    📝 https://youtu.be/Ay9kRbbC9pU?list=RDAy9k... → 1 个链接
[2026-08-27 18:32:07]    📝 https://youtu.be/BKky3bjcCGU?list=RDBKky... → 1 个链接
[2026-08-27 18:32:07]    📝 https://youtu.be/X51zP9v3ugw?list=PLXpzu... → 1 个链接
[2026-08-27 18:32:07]    📝 https://youtu.be/83zDU4of-co?list=RD83zD... → 1 个链接
[2026-08-27 18:32:07] 🎵 共添加 4 首歌到播放列表
[2026-08-27 18:32:10] 🗑️ 频道消息删除完成：4/4 条成功
[2026-08-27 18:32:10] ▶️ mpv 已启动（暂停状态，请在 mpv 窗口按播放）
[2026-08-27 18:45:51] 👋 程序退出
[2026-08-27 19:11:26] 📝 手动切歌脚本已写入: /home/john/telegram_player/mpv_manual_advance.lua
[2026-08-27 19:11:26] ✅ 初始化完成，播放列表已清空
[2026-08-27 19:11:27] 🚀 程序启动，等待用户操作...
[2026-08-27 19:11:27] 🚀 启动后自动刷新一次...
[2026-08-27 19:11:27] 🔄 开始刷新播放列表...
[2026-08-27 19:11:37] 👋 程序退出
[2026-08-27 19:13:01] 📝 手动切歌脚本已写入: /home/john/telegram_player/mpv_manual_advance.lua
[2026-08-27 19:13:01] ✅ 初始化完成，播放列表已清空
[2026-08-27 19:13:02] 🚀 程序启动，等待用户操作...
[2026-08-27 19:13:03] 🚀 启动后自动刷新一次...
[2026-08-27 19:13:03] 🔄 开始刷新播放列表...
[2026-08-27 19:13:03] 📥 从频道读取到 2 条含文本的消息（共 2 条更新）
[2026-08-27 19:13:03]    📝 https://youtu.be/rpw9yZaw1YY... → 1 个链接
[2026-08-27 19:13:03]    📝 https://youtu.be/C_Cz_kfiY2s?list=RDC_Cz... → 1 个链接
[2026-08-27 19:13:03] 🎵 共添加 2 首歌到播放列表
[2026-08-27 19:13:06] 🗑️ 频道消息删除完成：2/2 条成功
[2026-08-27 19:13:06] ▶️ mpv 已启动（暂停状态，请在 mpv 窗口按播放）
[2026-08-27 19:16:39] 🔄 开始刷新播放列表...
[2026-08-27 19:16:49] 📥 从频道读取到 0 条含文本的消息（共 0 条更新）
[2026-08-27 19:16:49] 📭 频道没有新消息
[2026-08-27 19:24:27] 👋 程序退出
[2026-08-27 19:26:54] 📝 自动预加载脚本已写入: /home/john/telegram_player/mpv_manual_advance.lua
[2026-08-27 19:26:54] ✅ 初始化完成，播放列表已清空
[2026-08-27 19:26:56] 🚀 程序启动，等待用户操作...
[2026-08-27 19:26:57] 🚀 启动后自动刷新一次...
[2026-08-27 19:26:57] 🔄 开始刷新播放列表...
[2026-08-27 19:26:57] 📥 从频道读取到 3 条含文本的消息（共 3 条更新）
[2026-08-27 19:26:57]    📝 https://youtu.be/BKky3bjcCGU?list=RDBKky... → 1 个链接
[2026-08-27 19:26:57]    📝 https://youtu.be/CFdwdi8hrmI... → 1 个链接
[2026-08-27 19:26:57]    📝 https://youtu.be/rpw9yZaw1YY... → 1 个链接
[2026-08-27 19:26:57] 🎵 共添加 3 首歌到播放列表
[2026-08-27 19:27:00] 🗑️ 频道消息删除完成：3/3 条成功
[2026-08-27 19:27:00] ▶️ mpv 已启动（暂停状态，请在 mpv 窗口按播放）
[2026-08-27 19:34:37] 👋 程序退出
[2026-08-27 22:17:40] 📝 自动预加载脚本已写入: /home/john/telegram_player/mpv_manual_advance.lua
[2026-08-27 22:17:40] ✅ 初始化完成，本次播放列表: /home/john/telegram_player/history/playlist_20260827_221740.m3u
[2026-08-27 22:17:42] 🚀 程序启动，等待用户操作...
[2026-08-27 22:17:42] 🚀 启动后自动刷新一次...
[2026-08-27 22:17:42] 🔄 开始刷新播放列表...
[2026-08-27 22:17:43] 📥 从频道读取到 3 条含文本的消息（共 3 条更新）
[2026-08-27 22:17:43]    📝 https://youtu.be/iFo79sm7MB4?list=RDiFo7... → 1 个链接
[2026-08-27 22:17:43]    📝 https://youtu.be/X51zP9v3ugw?list=PLXpzu... → 1 个链接
[2026-08-27 22:17:43]    📝 https://youtu.be/CFdwdi8hrmI... → 1 个链接
[2026-08-27 22:17:43] 🎵 共添加 3 首歌到播放列表: /home/john/telegram_player/history/playlist_20260827_221740.m3u
[2026-08-27 22:17:46] 🗑️ 频道消息删除完成：3/3 条成功
[2026-08-27 22:17:46] ▶️ mpv 已启动（暂停状态，请在 mpv 窗口按播放）
[2026-08-27 22:31:59] 👋 程序退出
